clustering with sequence identity 0.5 threshold
Create directory intermediate/cluster_tmp
easy-cluster data/pdb-bind-receptor_pdbs/ prod/pdb-bind_clustering intermediate/cluster_tmp --min-seq-id 0.5 

MMseqs Version:                     	10.941cd33
Substitution matrix                 	aa:3di.out,nucl:3di.out
Seed substitution matrix            	aa:3di.out,nucl:3di.out
Sensitivity                         	4
k-mer length                        	0
Target search mode                  	0
k-score                             	seq:2147483647,prof:2147483647
Max sequence length                 	65535
Max results per query               	300
Split database                      	0
Split mode                          	2
Split memory limit                  	0
Coverage threshold                  	0
Coverage mode                       	0
Compositional bias                  	1
Compositional bias                  	1
Diagonal scoring                    	true
Exact k-mer matching                	0
Mask residues                       	0
Mask residues probability           	0.999995
Mask lower case residues            	1
Mask lower letter repeating N times 	6
Minimum diagonal score              	30
Selected taxa                       	
Spaced k-mers                       	1
Preload mode                        	0
Spaced k-mer pattern                	
Local temporary path                	
Threads                             	64
Compressed                          	0
Verbosity                           	3
TMscore threshold                   	0
TMscore threshold mode              	0
LDDT threshold                      	0
Sort by structure bit score         	1
Alignment type                      	2
Exact TMscore                       	0
Add backtrace                       	false
Alignment mode                      	0
Alignment mode                      	0
E-value threshold                   	10
Seq. id. threshold                  	0.5
Min alignment length                	0
Seq. id. mode                       	0
Alternative alignments              	0
Max reject                          	2147483647
Max accept                          	2147483647
Gap open cost                       	aa:10,nucl:10
Gap extension cost                  	aa:1,nucl:1
TMalign hit order                   	0
TMalign fast                        	1
Cluster mode                        	0
Max connected component depth       	1000
Similarity type                     	2
Weight file name                    	
Cluster Weight threshold            	0.9
Single step clustering              	false
Cascaded clustering steps           	3
Cluster reassign                    	false
Remove temporary files              	true
Force restart with latest tmp       	false
MPI runner                          	
k-mers per sequence                 	21
Scale k-mers per sequence           	aa:0.000,nucl:0.200
Adjust k-mer length                 	false
Shift hash                          	67
Include only extendable             	false
Skip repeating k-mers               	false
Rescore mode                        	0
Remove hits by seq. id. and coverage	false
Sort results                        	0
Use GPU                             	0
Path to ProstT5                     	
Chain name mode                     	0
Createdb extraction mode            	0
Interface distance threshold        	8
Write mapping file                  	0
Mask b-factor threshold             	0
Coord store mode                    	2
Write lookup file                   	1
Input format                        	0
File Inclusion Regex                	.*
File Exclusion Regex                	^$

createdb data/pdb-bind-receptor_pdbs/ intermediate/cluster_tmp/1671305441243286779/input --gpu 0 --chain-name-mode 0 --db-extraction-mode 0 --distance-threshold 8 --write-mapping 0 --mask-bfactor-threshold 0 --coord-store-mode 2 --write-lookup 1 --input-format 0 --file-include '.*' --file-exclude '^$' --threads 64 -v 3 

Output file: intermediate/cluster_tmp/1671305441243286779/input
[=================================================================] 19.04K 1m 14s 325ms
Time for merging to input_ss: 0h 0m 0s 517ms
Time for merging to input_h: 0h 0m 0s 388ms
Time for merging to input_ca: 0h 0m 0s 726ms
Time for merging to input: 0h 0m 0s 460ms
Ignore 29011 out of 67436.
Too short: 29002, incorrect: 0, not proteins: 9.
Time for processing: 0h 1m 18s 695ms
Create directory intermediate/cluster_tmp/1671305441243286779/clu_tmp
cluster intermediate/cluster_tmp/1671305441243286779/input intermediate/cluster_tmp/1671305441243286779/clu intermediate/cluster_tmp/1671305441243286779/clu_tmp --min-seq-id 0.5 --remove-tmp-files 1 

Set cluster sensitivity to -s 3.000000
Set cluster mode SET COVER
Set cluster iterations to 3
kmermatcher intermediate/cluster_tmp/1671305441243286779/input_ss intermediate/cluster_tmp/1671305441243286779/clu_tmp/10000181661899541552/pref --sub-mat 'aa:3di.out,nucl:3di.out' --alph-size aa:21,nucl:5 --min-seq-id 0.5 --kmer-per-seq 300 --spaced-kmer-mode 1 --kmer-per-seq-scale aa:0.000,nucl:0.200 --adjust-kmer-len 0 --mask 0 --mask-prob 0.999995 --mask-lower-case 1 --mask-n-repeat 6 --cov-mode 0 -k 0 -c 0.8 --max-seq-len 65535 --hash-shift 67 --split-memory-limit 0 --include-only-extendable 0 --ignore-multi-kmer 0 --threads 64 --compressed 0 -v 3 --cluster-weight-threshold 0.9 

kmermatcher intermediate/cluster_tmp/1671305441243286779/input_ss intermediate/cluster_tmp/1671305441243286779/clu_tmp/10000181661899541552/pref --sub-mat 'aa:3di.out,nucl:3di.out' --alph-size aa:21,nucl:5 --min-seq-id 0.5 --kmer-per-seq 300 --spaced-kmer-mode 1 --kmer-per-seq-scale aa:0.000,nucl:0.200 --adjust-kmer-len 0 --mask 0 --mask-prob 0.999995 --mask-lower-case 1 --mask-n-repeat 6 --cov-mode 0 -k 0 -c 0.8 --max-seq-len 65535 --hash-shift 67 --split-memory-limit 0 --include-only-extendable 0 --ignore-multi-kmer 0 --threads 64 --compressed 0 -v 3 --cluster-weight-threshold 0.9 

Database size: 38425 type: Aminoacid
Reduced amino acid alphabet: (A F) (C V) (D B) (E Z) (G H) (I M T) (K W) (L J) (N R S) (P) (Q) (Y) (X) 

Generate k-mers list for 1 split
[=================================================================] 38.42K 0s 393ms
Sort kmer 0h 0m 1s 592ms
Sort by rep. sequence 0h 0m 0s 756ms
Time for fill: 0h 0m 0s 50ms
Time for merging to pref: 0h 0m 0s 3ms
Time for processing: 0h 0m 3s 59ms
structurerescorediagonal intermediate/cluster_tmp/1671305441243286779/input intermediate/cluster_tmp/1671305441243286779/input intermediate/cluster_tmp/1671305441243286779/clu_tmp/10000181661899541552/pref intermediate/cluster_tmp/1671305441243286779/clu_tmp/10000181661899541552/pref_rescore1 --exact-tmscore 0 --tmscore-threshold 0 --tmscore-threshold-mode 0 --lddt-threshold 0 --alignment-type 2 --sub-mat 'aa:3di.out,nucl:3di.out' -a 0 --alignment-mode 3 --alignment-output-mode 0 --wrapped-scoring 0 -e 0.01 --min-seq-id 0.5 --min-aln-len 0 --seq-id-mode 0 --alt-ali 0 -c 0.8 --cov-mode 0 --max-seq-len 65535 --comp-bias-corr 0 --comp-bias-corr-scale 1 --max-rejected 2147483647 --max-accept 2147483647 --add-self-matches 1 --db-load-mode 0 --pca substitution:1.100,context:1.400 --pcb substitution:4.100,context:5.800 --score-bias 0 --realign 0 --realign-score-bias -0.2 --realign-max-seqs 2147483647 --corr-score-weight 0 --gap-open aa:10,nucl:10 --gap-extend aa:1,nucl:1 --zdrop 40 --threads 64 --compressed 0 -v 3 

[=================================================================] 38.42K 5s 98ms
Time for merging to pref_rescore1: 0h 0m 0s 198ms
Time for processing: 0h 0m 5s 817ms
clust intermediate/cluster_tmp/1671305441243286779/input intermediate/cluster_tmp/1671305441243286779/clu_tmp/10000181661899541552/pref_rescore1 intermediate/cluster_tmp/1671305441243286779/clu_tmp/10000181661899541552/pre_clust --cluster-mode 0 --max-iterations 1000 --similarity-type 2 --threads 64 --compressed 0 -v 3 --cluster-weight-threshold 0.9 

Clustering mode: Set Cover
[=================================================================] 38.42K 0s 58ms
Sort entries
Find missing connections
Found 416937 new connections.
Reconstruct initial order
[=================================================================] 38.42K 0s 85ms
Add missing connections
[=================================================================] 38.42K 0s 14ms

Time for read in: 0h 0m 0s 229ms
Total time: 0h 0m 0s 250ms

Size of the sequence database: 38425
Size of the alignment database: 38425
Number of clusters: 6083

Writing results 0h 0m 0s 1ms
Time for merging to pre_clust: 0h 0m 0s 2ms
Time for processing: 0h 0m 0s 281ms
createsubdb intermediate/cluster_tmp/1671305441243286779/clu_tmp/10000181661899541552/order_redundancy intermediate/cluster_tmp/1671305441243286779/clu_tmp/10000181661899541552/pref intermediate/cluster_tmp/1671305441243286779/clu_tmp/10000181661899541552/pref_filter1 -v 3 --subdb-mode 1 

createsubdb intermediate/cluster_tmp/1671305441243286779/clu_tmp/10000181661899541552/order_redundancy intermediate/cluster_tmp/1671305441243286779/clu_tmp/10000181661899541552/pref intermediate/cluster_tmp/1671305441243286779/clu_tmp/10000181661899541552/pref_filter1 --subdb-mode 1 --id-mode 0 -v 3 

Time for merging to pref_filter1: 0h 0m 0s 2ms
Time for processing: 0h 0m 0s 21ms
filterdb intermediate/cluster_tmp/1671305441243286779/clu_tmp/10000181661899541552/pref_filter1 intermediate/cluster_tmp/1671305441243286779/clu_tmp/10000181661899541552/pref_filter2 --filter-file intermediate/cluster_tmp/1671305441243286779/clu_tmp/10000181661899541552/order_redundancy --threads 64 --compressed 0 -v 3 

Filtering using file(s)
[=================================================================] 6.08K 0s 29ms
Time for merging to pref_filter2: 0h 0m 0s 176ms
Time for processing: 0h 0m 0s 480ms
structurealign intermediate/cluster_tmp/1671305441243286779/input intermediate/cluster_tmp/1671305441243286779/input intermediate/cluster_tmp/1671305441243286779/clu_tmp/10000181661899541552/pref_filter2 intermediate/cluster_tmp/1671305441243286779/clu_tmp/10000181661899541552/aln.linclust --tmscore-threshold 0 --tmscore-threshold-mode 0 --lddt-threshold 0 --sort-by-structure-bits 0 --alignment-type 2 --exact-tmscore 0 --sub-mat 'aa:3di.out,nucl:3di.out' -a 0 --alignment-mode 3 --alignment-output-mode 0 --wrapped-scoring 0 -e 0.01 --min-seq-id 0.5 --min-aln-len 0 --seq-id-mode 0 --alt-ali 0 -c 0.8 --cov-mode 0 --max-seq-len 65535 --comp-bias-corr 0 --comp-bias-corr-scale 1 --max-rejected 2147483647 --max-accept 2147483647 --add-self-matches 0 --db-load-mode 0 --pca substitution:1.100,context:1.400 --pcb substitution:4.100,context:5.800 --score-bias 0 --realign 0 --realign-score-bias -0.2 --realign-max-seqs 2147483647 --corr-score-weight 0 --gap-open aa:10,nucl:10 --gap-extend aa:1,nucl:1 --zdrop 40 --threads 64 --compressed 0 -v 3 

[=================================================================] 6.08K 2s 924ms
Time for merging to aln.linclust: 0h 0m 0s 191ms
Time for processing: 0h 0m 3s 701ms
createsubdb intermediate/cluster_tmp/1671305441243286779/clu_tmp/10000181661899541552/order_redundancy intermediate/cluster_tmp/1671305441243286779/input intermediate/cluster_tmp/1671305441243286779/clu_tmp/10000181661899541552/pre_clustered_seqs -v 3 --subdb-mode 1 

createsubdb intermediate/cluster_tmp/1671305441243286779/clu_tmp/10000181661899541552/order_redundancy intermediate/cluster_tmp/1671305441243286779/input intermediate/cluster_tmp/1671305441243286779/clu_tmp/10000181661899541552/pre_clustered_seqs --subdb-mode 1 --id-mode 0 -v 3 

Time for merging to pre_clustered_seqs: 0h 0m 0s 3ms
Time for processing: 0h 0m 0s 28ms
createsubdb intermediate/cluster_tmp/1671305441243286779/clu_tmp/10000181661899541552/order_redundancy intermediate/cluster_tmp/1671305441243286779/input_ss intermediate/cluster_tmp/1671305441243286779/clu_tmp/10000181661899541552/pre_clustered_seqs_ss --subdb-mode 1 --id-mode 0 -v 3 

Time for merging to pre_clustered_seqs_ss: 0h 0m 0s 5ms
Time for processing: 0h 0m 0s 24ms
createsubdb intermediate/cluster_tmp/1671305441243286779/clu_tmp/10000181661899541552/order_redundancy intermediate/cluster_tmp/1671305441243286779/input_ca intermediate/cluster_tmp/1671305441243286779/clu_tmp/10000181661899541552/pre_clustered_seqs_ca --subdb-mode 1 --id-mode 0 -v 3 

Time for merging to pre_clustered_seqs_ca: 0h 0m 0s 5ms
Time for processing: 0h 0m 0s 35ms
clust intermediate/cluster_tmp/1671305441243286779/clu_tmp/10000181661899541552/pre_clustered_seqs intermediate/cluster_tmp/1671305441243286779/clu_tmp/10000181661899541552/aln.linclust intermediate/cluster_tmp/1671305441243286779/clu_tmp/10000181661899541552/clust.linclust --cluster-mode 0 --max-iterations 1000 --similarity-type 2 --threads 64 --compressed 0 -v 3 --cluster-weight-threshold 0.9 

Clustering mode: Set Cover
[=================================================================] 6.08K 0s 2ms
Sort entries
Find missing connections
Found 4019 new connections.
Reconstruct initial order
[=================================================================] 6.08K 0s 3ms
Add missing connections
[=================================================================] 6.08K 0s 0ms

Time for read in: 0h 0m 0s 49ms
Total time: 0h 0m 0s 58ms

Size of the sequence database: 6083
Size of the alignment database: 6083
Number of clusters: 4493

Writing results 0h 0m 0s 0ms
Time for merging to clust.linclust: 0h 0m 0s 4ms
Time for processing: 0h 0m 0s 86ms
mergeclusters intermediate/cluster_tmp/1671305441243286779/input intermediate/cluster_tmp/1671305441243286779/clu_tmp/10000181661899541552/clu_redundancy intermediate/cluster_tmp/1671305441243286779/clu_tmp/10000181661899541552/pre_clust intermediate/cluster_tmp/1671305441243286779/clu_tmp/10000181661899541552/clust.linclust --threads 64 --compressed 0 -v 3 

Clustering step 1
[=================================================================] 6.08K 0s 10ms
Clustering step 2
[=================================================================] 4.49K 0s 17ms
Write merged clustering
[=================================================================] 38.42K 0s 265ms
Time for merging to clu_redundancy: 0h 0m 0s 135ms
Time for processing: 0h 0m 0s 418ms
createsubdb intermediate/cluster_tmp/1671305441243286779/clu_tmp/10000181661899541552/clu_redundancy intermediate/cluster_tmp/1671305441243286779/input intermediate/cluster_tmp/1671305441243286779/clu_tmp/10000181661899541552/input_step_redundancy -v 3 --subdb-mode 1 

createsubdb intermediate/cluster_tmp/1671305441243286779/clu_tmp/10000181661899541552/clu_redundancy intermediate/cluster_tmp/1671305441243286779/input intermediate/cluster_tmp/1671305441243286779/clu_tmp/10000181661899541552/input_step_redundancy --subdb-mode 1 --id-mode 0 -v 3 

Time for merging to input_step_redundancy: 0h 0m 0s 2ms
Time for processing: 0h 0m 0s 27ms
createsubdb intermediate/cluster_tmp/1671305441243286779/clu_tmp/10000181661899541552/clu_redundancy intermediate/cluster_tmp/1671305441243286779/input_ss intermediate/cluster_tmp/1671305441243286779/clu_tmp/10000181661899541552/input_step_redundancy_ss --subdb-mode 1 --id-mode 0 -v 3 

Time for merging to input_step_redundancy_ss: 0h 0m 0s 6ms
Time for processing: 0h 0m 0s 18ms
createsubdb intermediate/cluster_tmp/1671305441243286779/clu_tmp/10000181661899541552/clu_redundancy intermediate/cluster_tmp/1671305441243286779/input_ca intermediate/cluster_tmp/1671305441243286779/clu_tmp/10000181661899541552/input_step_redundancy_ca --subdb-mode 1 --id-mode 0 -v 3 

Time for merging to input_step_redundancy_ca: 0h 0m 0s 3ms
Time for processing: 0h 0m 0s 21ms
prefilter intermediate/cluster_tmp/1671305441243286779/clu_tmp/10000181661899541552/input_step_redundancy_ss intermediate/cluster_tmp/1671305441243286779/clu_tmp/10000181661899541552/input_step_redundancy_ss intermediate/cluster_tmp/1671305441243286779/clu_tmp/10000181661899541552/pref_step0 --sub-mat 'aa:3di.out,nucl:3di.out' --seed-sub-mat 'aa:3di.out,nucl:3di.out' -s 1 -k 0 --target-search-mode 0 --k-score seq:2147483647,prof:2147483647 --alph-size aa:21,nucl:5 --max-seq-len 65535 --max-seqs 100 --split 0 --split-mode 2 --split-memory-limit 0 -c 0.8 --cov-mode 0 --comp-bias-corr 0 --comp-bias-corr-scale 1 --diag-score 0 --exact-kmer-matching 0 --mask 0 --mask-prob 0.999995 --mask-lower-case 1 --mask-n-repeat 6 --min-ungapped-score 0 --add-self-matches 1 --spaced-kmer-mode 1 --db-load-mode 0 --pca substitution:1.100,context:1.400 --pcb substitution:4.100,context:5.800 --threads 64 --compressed 0 -v 3 

Query database size: 4493 type: Aminoacid
Estimated memory consumption: 998M
Target database size: 4493 type: Aminoacid
Index table k-mer threshold: 154 at k-mer size 6 
Index table: counting k-mers
[=================================================================] 4.49K 0s 34ms
Index table: Masked residues: 18996
Index table: fill
[=================================================================] 4.49K 0s 36ms
Index statistics
Entries:          175078
DB size:          489 MB
Avg k-mer size:   0.002736
Top 10 k-mers
    TIHAAF	48
    IKWWDP	29
    TKWWDP	28
    IWWWDP	28
    CVSHEY	25
    TWWWDP	23
    EEEEPL	22
    YEEQVS	22
    IKKWDP	21
    IMMGDQ	21
Time for index table init: 0h 0m 0s 524ms
Process prefiltering step 1 of 1

k-mer similarity threshold: 154
Starting prefiltering scores calculation (step 1 of 1)
Query db start 1 to 4493
Target db start 1 to 4493
[=================================================================] 4.49K 0s 176ms

3.714813 k-mers per position
417 DB matches per sequence
0 overflows
16 sequences passed prefiltering per query sequence
5 median result list length
0 sequences with 0 size result lists
Time for merging to pref_step0: 0h 0m 0s 180ms
Time for processing: 0h 0m 3s 613ms
structurealign intermediate/cluster_tmp/1671305441243286779/clu_tmp/10000181661899541552/input_step_redundancy intermediate/cluster_tmp/1671305441243286779/clu_tmp/10000181661899541552/input_step_redundancy intermediate/cluster_tmp/1671305441243286779/clu_tmp/10000181661899541552/pref_step0 intermediate/cluster_tmp/1671305441243286779/clu_tmp/10000181661899541552/aln_step0 --tmscore-threshold 0 --tmscore-threshold-mode 0 --lddt-threshold 0 --sort-by-structure-bits 0 --alignment-type 2 --exact-tmscore 0 --sub-mat 'aa:3di.out,nucl:3di.out' -a 0 --alignment-mode 3 --alignment-output-mode 0 --wrapped-scoring 0 -e 0.01 --min-seq-id 0.5 --min-aln-len 0 --seq-id-mode 0 --alt-ali 0 -c 0.8 --cov-mode 0 --max-seq-len 65535 --comp-bias-corr 0 --comp-bias-corr-scale 1 --max-rejected 2147483647 --max-accept 2147483647 --add-self-matches 0 --db-load-mode 0 --pca substitution:1.100,context:1.400 --pcb substitution:4.100,context:5.800 --score-bias 0 --realign 0 --realign-score-bias -0.2 --realign-max-seqs 2147483647 --corr-score-weight 0 --gap-open aa:10,nucl:10 --gap-extend aa:1,nucl:1 --zdrop 40 --threads 64 --compressed 0 -v 3 

[=================================================================] 4.49K 2s 391ms
Time for merging to aln_step0: 0h 0m 0s 262ms
Time for processing: 0h 0m 3s 85ms
clust intermediate/cluster_tmp/1671305441243286779/clu_tmp/10000181661899541552/input_step_redundancy intermediate/cluster_tmp/1671305441243286779/clu_tmp/10000181661899541552/aln_step0 intermediate/cluster_tmp/1671305441243286779/clu_tmp/10000181661899541552/clu_step0 --cluster-mode 0 --max-iterations 1000 --similarity-type 2 --threads 64 --compressed 0 -v 3 --cluster-weight-threshold 0.9 

Clustering mode: Set Cover
[=================================================================] 4.49K 0s 1ms
Sort entries
Find missing connections
Found 1 new connections.
Reconstruct initial order
[=================================================================] 4.49K 0s 1ms
Add missing connections
[=================================================================] 4.49K 0s 0ms

Time for read in: 0h 0m 0s 38ms
Total time: 0h 0m 0s 46ms

Size of the sequence database: 4493
Size of the alignment database: 4493
Number of clusters: 4293

Writing results 0h 0m 0s 0ms
Time for merging to clu_step0: 0h 0m 0s 4ms
Time for processing: 0h 0m 0s 71ms
createsubdb intermediate/cluster_tmp/1671305441243286779/clu_tmp/10000181661899541552/clu_step0 intermediate/cluster_tmp/1671305441243286779/clu_tmp/10000181661899541552/input_step_redundancy intermediate/cluster_tmp/1671305441243286779/clu_tmp/10000181661899541552/input_step1 -v 3 --subdb-mode 1 

createsubdb intermediate/cluster_tmp/1671305441243286779/clu_tmp/10000181661899541552/clu_step0 intermediate/cluster_tmp/1671305441243286779/clu_tmp/10000181661899541552/input_step_redundancy intermediate/cluster_tmp/1671305441243286779/clu_tmp/10000181661899541552/input_step1 --subdb-mode 1 --id-mode 0 -v 3 

Time for merging to input_step1: 0h 0m 0s 2ms
Time for processing: 0h 0m 0s 32ms
createsubdb intermediate/cluster_tmp/1671305441243286779/clu_tmp/10000181661899541552/clu_step0 intermediate/cluster_tmp/1671305441243286779/clu_tmp/10000181661899541552/input_step_redundancy_ss intermediate/cluster_tmp/1671305441243286779/clu_tmp/10000181661899541552/input_step1_ss --subdb-mode 1 --id-mode 0 -v 3 

Time for merging to input_step1_ss: 0h 0m 0s 2ms
Time for processing: 0h 0m 0s 20ms
createsubdb intermediate/cluster_tmp/1671305441243286779/clu_tmp/10000181661899541552/clu_step0 intermediate/cluster_tmp/1671305441243286779/clu_tmp/10000181661899541552/input_step_redundancy_ca intermediate/cluster_tmp/1671305441243286779/clu_tmp/10000181661899541552/input_step1_ca --subdb-mode 1 --id-mode 0 -v 3 

Time for merging to input_step1_ca: 0h 0m 0s 7ms
Time for processing: 0h 0m 0s 23ms
prefilter intermediate/cluster_tmp/1671305441243286779/clu_tmp/10000181661899541552/input_step1_ss intermediate/cluster_tmp/1671305441243286779/clu_tmp/10000181661899541552/input_step1_ss intermediate/cluster_tmp/1671305441243286779/clu_tmp/10000181661899541552/pref_step1 --sub-mat 'aa:3di.out,nucl:3di.out' --seed-sub-mat 'aa:3di.out,nucl:3di.out' -s 2 -k 0 --target-search-mode 0 --k-score seq:2147483647,prof:2147483647 --alph-size aa:21,nucl:5 --max-seq-len 65535 --max-seqs 200 --split 0 --split-mode 2 --split-memory-limit 0 -c 0.8 --cov-mode 0 --comp-bias-corr 1 --comp-bias-corr-scale 0.15 --diag-score 1 --exact-kmer-matching 0 --mask 0 --mask-prob 0.999995 --mask-lower-case 1 --mask-n-repeat 6 --min-ungapped-score 30 --add-self-matches 1 --spaced-kmer-mode 1 --db-load-mode 0 --pca substitution:1.100,context:1.400 --pcb substitution:4.100,context:5.800 --threads 64 --compressed 0 -v 3 

Query database size: 4293 type: Aminoacid
Estimated memory consumption: 997M
Target database size: 4293 type: Aminoacid
Index table k-mer threshold: 145 at k-mer size 6 
Index table: counting k-mers
[=================================================================] 4.29K 0s 38ms
Index table: Masked residues: 18542
Index table: fill
[=================================================================] 4.29K 0s 45ms
Index statistics
Entries:          242457
DB size:          489 MB
Avg k-mer size:   0.003788
Top 10 k-mers
    LSLSSN	73
    SSSSSN	45
    NSSSSS	43
    SNSSSS	31
    IWWWDP	27
    IKWWDP	26
    SSSSNS	26
    CVSHEY	25
    SSNSSS	23
    TKWWDP	21
Time for index table init: 0h 0m 0s 535ms
Process prefiltering step 1 of 1

k-mer similarity threshold: 145
Starting prefiltering scores calculation (step 1 of 1)
Query db start 1 to 4293
Target db start 1 to 4293
[=================================================================] 4.29K 0s 449ms

3.916940 k-mers per position
428 DB matches per sequence
0 overflows
17 sequences passed prefiltering per query sequence
6 median result list length
0 sequences with 0 size result lists
Time for merging to pref_step1: 0h 0m 0s 157ms
Time for processing: 0h 0m 3s 901ms
structurealign intermediate/cluster_tmp/1671305441243286779/clu_tmp/10000181661899541552/input_step1 intermediate/cluster_tmp/1671305441243286779/clu_tmp/10000181661899541552/input_step1 intermediate/cluster_tmp/1671305441243286779/clu_tmp/10000181661899541552/pref_step1 intermediate/cluster_tmp/1671305441243286779/clu_tmp/10000181661899541552/aln_step1 --tmscore-threshold 0 --tmscore-threshold-mode 0 --lddt-threshold 0 --sort-by-structure-bits 0 --alignment-type 2 --exact-tmscore 0 --sub-mat 'aa:3di.out,nucl:3di.out' -a 0 --alignment-mode 3 --alignment-output-mode 0 --wrapped-scoring 0 -e 0.01 --min-seq-id 0.5 --min-aln-len 0 --seq-id-mode 0 --alt-ali 0 -c 0.8 --cov-mode 0 --max-seq-len 65535 --comp-bias-corr 0 --comp-bias-corr-scale 1 --max-rejected 2147483647 --max-accept 2147483647 --add-self-matches 0 --db-load-mode 0 --pca substitution:1.100,context:1.400 --pcb substitution:4.100,context:5.800 --score-bias 0 --realign 0 --realign-score-bias -0.2 --realign-max-seqs 2147483647 --corr-score-weight 0 --gap-open aa:10,nucl:10 --gap-extend aa:1,nucl:1 --zdrop 40 --threads 64 --compressed 0 -v 3 

[=================================================================] 4.29K 2s 410ms
Time for merging to aln_step1: 0h 0m 0s 198ms
Time for processing: 0h 0m 3s 53ms
clust intermediate/cluster_tmp/1671305441243286779/clu_tmp/10000181661899541552/input_step1 intermediate/cluster_tmp/1671305441243286779/clu_tmp/10000181661899541552/aln_step1 intermediate/cluster_tmp/1671305441243286779/clu_tmp/10000181661899541552/clu_step1 --cluster-mode 0 --max-iterations 1000 --similarity-type 2 --threads 64 --compressed 0 -v 3 --cluster-weight-threshold 0.9 

Clustering mode: Set Cover
[=================================================================] 4.29K 0s 1ms
Sort entries
Find missing connections
Found 2 new connections.
Reconstruct initial order
[=================================================================] 4.29K 0s 1ms
Add missing connections
[=================================================================] 4.29K 0s 0ms

Time for read in: 0h 0m 0s 38ms
Total time: 0h 0m 0s 47ms

Size of the sequence database: 4293
Size of the alignment database: 4293
Number of clusters: 4280

Writing results 0h 0m 0s 0ms
Time for merging to clu_step1: 0h 0m 0s 2ms
Time for processing: 0h 0m 0s 69ms
createsubdb intermediate/cluster_tmp/1671305441243286779/clu_tmp/10000181661899541552/clu_step1 intermediate/cluster_tmp/1671305441243286779/clu_tmp/10000181661899541552/input_step1 intermediate/cluster_tmp/1671305441243286779/clu_tmp/10000181661899541552/input_step2 -v 3 --subdb-mode 1 

createsubdb intermediate/cluster_tmp/1671305441243286779/clu_tmp/10000181661899541552/clu_step1 intermediate/cluster_tmp/1671305441243286779/clu_tmp/10000181661899541552/input_step1 intermediate/cluster_tmp/1671305441243286779/clu_tmp/10000181661899541552/input_step2 --subdb-mode 1 --id-mode 0 -v 3 

Time for merging to input_step2: 0h 0m 0s 3ms
Time for processing: 0h 0m 0s 31ms
createsubdb intermediate/cluster_tmp/1671305441243286779/clu_tmp/10000181661899541552/clu_step1 intermediate/cluster_tmp/1671305441243286779/clu_tmp/10000181661899541552/input_step1_ss intermediate/cluster_tmp/1671305441243286779/clu_tmp/10000181661899541552/input_step2_ss --subdb-mode 1 --id-mode 0 -v 3 

Time for merging to input_step2_ss: 0h 0m 0s 3ms
Time for processing: 0h 0m 0s 15ms
createsubdb intermediate/cluster_tmp/1671305441243286779/clu_tmp/10000181661899541552/clu_step1 intermediate/cluster_tmp/1671305441243286779/clu_tmp/10000181661899541552/input_step1_ca intermediate/cluster_tmp/1671305441243286779/clu_tmp/10000181661899541552/input_step2_ca --subdb-mode 1 --id-mode 0 -v 3 

Time for merging to input_step2_ca: 0h 0m 0s 4ms
Time for processing: 0h 0m 0s 20ms
prefilter intermediate/cluster_tmp/1671305441243286779/clu_tmp/10000181661899541552/input_step2_ss intermediate/cluster_tmp/1671305441243286779/clu_tmp/10000181661899541552/input_step2_ss intermediate/cluster_tmp/1671305441243286779/clu_tmp/10000181661899541552/pref_step2 --sub-mat 'aa:3di.out,nucl:3di.out' --seed-sub-mat 'aa:3di.out,nucl:3di.out' -s 3 -k 0 --target-search-mode 0 --k-score seq:2147483647,prof:2147483647 --alph-size aa:21,nucl:5 --max-seq-len 65535 --max-seqs 1000 --split 0 --split-mode 2 --split-memory-limit 0 -c 0.8 --cov-mode 0 --comp-bias-corr 1 --comp-bias-corr-scale 0.15 --diag-score 1 --exact-kmer-matching 0 --mask 0 --mask-prob 0.999995 --mask-lower-case 1 --mask-n-repeat 6 --min-ungapped-score 30 --add-self-matches 1 --spaced-kmer-mode 1 --db-load-mode 0 --pca substitution:1.100,context:1.400 --pcb substitution:4.100,context:5.800 --threads 64 --compressed 0 -v 3 

Query database size: 4280 type: Aminoacid
Estimated memory consumption: 998M
Target database size: 4280 type: Aminoacid
Index table k-mer threshold: 136 at k-mer size 6 
Index table: counting k-mers
[=================================================================] 4.28K 0s 48ms
Index table: Masked residues: 18534
Index table: fill
[=================================================================] 4.28K 0s 65ms
Index statistics
Entries:          389458
DB size:          490 MB
Avg k-mer size:   0.006085
Top 10 k-mers
    SLSLLL	164
    LSLSSS	123
    NLSLLV	109
    SSSNSV	67
    LSLSLS	48
    NSSSSV	47
    LSVSSN	44
    LLLLLS	43
    NSSSSS	43
    VSNSSS	38
Time for index table init: 0h 0m 0s 566ms
Process prefiltering step 1 of 1

k-mer similarity threshold: 136
Starting prefiltering scores calculation (step 1 of 1)
Query db start 1 to 4280
Target db start 1 to 4280
[=================================================================] 4.28K 0s 730ms

12.259290 k-mers per position
1031 DB matches per sequence
0 overflows
47 sequences passed prefiltering per query sequence
20 median result list length
0 sequences with 0 size result lists
Time for merging to pref_step2: 0h 0m 0s 204ms
Time for processing: 0h 0m 4s 302ms
structurealign intermediate/cluster_tmp/1671305441243286779/clu_tmp/10000181661899541552/input_step2 intermediate/cluster_tmp/1671305441243286779/clu_tmp/10000181661899541552/input_step2 intermediate/cluster_tmp/1671305441243286779/clu_tmp/10000181661899541552/pref_step2 intermediate/cluster_tmp/1671305441243286779/clu_tmp/10000181661899541552/aln_step2 --tmscore-threshold 0 --tmscore-threshold-mode 0 --lddt-threshold 0 --sort-by-structure-bits 0 --alignment-type 2 --exact-tmscore 0 --sub-mat 'aa:3di.out,nucl:3di.out' -a 0 --alignment-mode 3 --alignment-output-mode 0 --wrapped-scoring 0 -e 0.01 --min-seq-id 0.5 --min-aln-len 0 --seq-id-mode 0 --alt-ali 0 -c 0.8 --cov-mode 0 --max-seq-len 65535 --comp-bias-corr 0 --comp-bias-corr-scale 1 --max-rejected 2147483647 --max-accept 2147483647 --add-self-matches 0 --db-load-mode 0 --pca substitution:1.100,context:1.400 --pcb substitution:4.100,context:5.800 --score-bias 0 --realign 0 --realign-score-bias -0.2 --realign-max-seqs 2147483647 --corr-score-weight 0 --gap-open aa:10,nucl:10 --gap-extend aa:1,nucl:1 --zdrop 40 --threads 64 --compressed 0 -v 3 

[=================================================================] 4.28K 4s 46ms
Time for merging to aln_step2: 0h 0m 0s 246ms
Time for processing: 0h 0m 4s 758ms
clust intermediate/cluster_tmp/1671305441243286779/clu_tmp/10000181661899541552/input_step2 intermediate/cluster_tmp/1671305441243286779/clu_tmp/10000181661899541552/aln_step2 intermediate/cluster_tmp/1671305441243286779/clu_tmp/10000181661899541552/clu_step2 --cluster-mode 0 --max-iterations 1000 --similarity-type 2 --threads 64 --compressed 0 -v 3 --cluster-weight-threshold 0.9 

Clustering mode: Set Cover
[=================================================================] 4.28K 0s 1ms
Sort entries
Find missing connections
Found 5 new connections.
Reconstruct initial order
[=================================================================] 4.28K 0s 1ms
Add missing connections
[=================================================================] 4.28K 0s 0ms

Time for read in: 0h 0m 0s 41ms
Total time: 0h 0m 0s 48ms

Size of the sequence database: 4280
Size of the alignment database: 4280
Number of clusters: 4233

Writing results 0h 0m 0s 0ms
Time for merging to clu_step2: 0h 0m 0s 4ms
Time for processing: 0h 0m 0s 70ms
mergeclusters intermediate/cluster_tmp/1671305441243286779/input intermediate/cluster_tmp/1671305441243286779/clu intermediate/cluster_tmp/1671305441243286779/clu_tmp/10000181661899541552/clu_redundancy intermediate/cluster_tmp/1671305441243286779/clu_tmp/10000181661899541552/clu_step0 intermediate/cluster_tmp/1671305441243286779/clu_tmp/10000181661899541552/clu_step1 intermediate/cluster_tmp/1671305441243286779/clu_tmp/10000181661899541552/clu_step2 --threads 64 --compressed 0 -v 3 

Clustering step 1
[=================================================================] 4.49K 0s 8ms
Clustering step 2
[=================================================================] 4.29K 0s 15ms
Clustering step 3
[=================================================================] 4.28K 0s 22ms
Clustering step 4
[=================================================================] 4.23K 0s 28ms
Write merged clustering
[=================================================================] 38.42K 0s 224ms
Time for merging to clu: 0h 0m 0s 165ms
Time for processing: 0h 0m 0s 421ms
rmdb intermediate/cluster_tmp/1671305441243286779/clu_tmp/10000181661899541552/clu_redundancy -v 3 

Time for processing: 0h 0m 0s 87ms
rmdb intermediate/cluster_tmp/1671305441243286779/clu_tmp/10000181661899541552/input_step_redundancy -v 3 

Time for processing: 0h 0m 0s 7ms
rmdb intermediate/cluster_tmp/1671305441243286779/clu_tmp/10000181661899541552/input_step_redundancy_h -v 3 

Time for processing: 0h 0m 0s 5ms
rmdb intermediate/cluster_tmp/1671305441243286779/clu_tmp/10000181661899541552/pref_step0 -v 3 

Time for processing: 0h 0m 0s 98ms
rmdb intermediate/cluster_tmp/1671305441243286779/clu_tmp/10000181661899541552/aln_step0 -v 3 

Time for processing: 0h 0m 0s 90ms
rmdb intermediate/cluster_tmp/1671305441243286779/clu_tmp/10000181661899541552/clu_step0 -v 3 

Time for processing: 0h 0m 0s 6ms
rmdb intermediate/cluster_tmp/1671305441243286779/clu_tmp/10000181661899541552/pref_step1 -v 3 

Time for processing: 0h 0m 0s 83ms
rmdb intermediate/cluster_tmp/1671305441243286779/clu_tmp/10000181661899541552/aln_step1 -v 3 

Time for processing: 0h 0m 0s 93ms
rmdb intermediate/cluster_tmp/1671305441243286779/clu_tmp/10000181661899541552/clu_step1 -v 3 

Time for processing: 0h 0m 0s 8ms
rmdb intermediate/cluster_tmp/1671305441243286779/clu_tmp/10000181661899541552/pref_step2 -v 3 

Time for processing: 0h 0m 0s 143ms
rmdb intermediate/cluster_tmp/1671305441243286779/clu_tmp/10000181661899541552/aln_step2 -v 3 

Time for processing: 0h 0m 0s 92ms
rmdb intermediate/cluster_tmp/1671305441243286779/clu_tmp/10000181661899541552/clu_step2 -v 3 

Time for processing: 0h 0m 0s 8ms
rmdb intermediate/cluster_tmp/1671305441243286779/clu_tmp/10000181661899541552/input_step1 -v 3 

Time for processing: 0h 0m 0s 7ms
rmdb intermediate/cluster_tmp/1671305441243286779/clu_tmp/10000181661899541552/input_step1_h -v 3 

Time for processing: 0h 0m 0s 7ms
rmdb intermediate/cluster_tmp/1671305441243286779/clu_tmp/10000181661899541552/input_step2 -v 3 

Time for processing: 0h 0m 0s 8ms
rmdb intermediate/cluster_tmp/1671305441243286779/clu_tmp/10000181661899541552/input_step2_h -v 3 

Time for processing: 0h 0m 0s 5ms
rmdb intermediate/cluster_tmp/1671305441243286779/clu_tmp/10000181661899541552/pref_filter1 -v 3 

Time for processing: 0h 0m 0s 6ms
rmdb intermediate/cluster_tmp/1671305441243286779/clu_tmp/10000181661899541552/pref -v 3 

Time for processing: 0h 0m 0s 12ms
rmdb intermediate/cluster_tmp/1671305441243286779/clu_tmp/10000181661899541552/pref_rescore1 -v 3 

Time for processing: 0h 0m 0s 100ms
rmdb intermediate/cluster_tmp/1671305441243286779/clu_tmp/10000181661899541552/pre_clust -v 3 

Time for processing: 0h 0m 0s 4ms
rmdb intermediate/cluster_tmp/1671305441243286779/clu_tmp/10000181661899541552/input_step_redundancy -v 3 

Time for processing: 0h 0m 0s 0ms
rmdb intermediate/cluster_tmp/1671305441243286779/clu_tmp/10000181661899541552/input_step_redundancy_h -v 3 

Time for processing: 0h 0m 0s 0ms
rmdb intermediate/cluster_tmp/1671305441243286779/clu_tmp/10000181661899541552/pref_filter2 -v 3 

Time for processing: 0h 0m 0s 102ms
rmdb intermediate/cluster_tmp/1671305441243286779/clu_tmp/10000181661899541552/aln.linclust -v 3 

Time for processing: 0h 0m 0s 95ms
rmdb intermediate/cluster_tmp/1671305441243286779/clu_tmp/10000181661899541552/clust.linclust -v 3 

Time for processing: 0h 0m 0s 4ms
rmdb intermediate/cluster_tmp/1671305441243286779/clu_tmp/10000181661899541552/pre_clustered_seqs -v 3 

Time for processing: 0h 0m 0s 6ms
createtsv intermediate/cluster_tmp/1671305441243286779/input intermediate/cluster_tmp/1671305441243286779/input intermediate/cluster_tmp/1671305441243286779/clu intermediate/cluster_tmp/1671305441243286779/cluster.tsv --threads 64 -v 3 

Time for merging to cluster.tsv: 0h 0m 0s 223ms
Time for processing: 0h 0m 0s 474ms
result2repseq intermediate/cluster_tmp/1671305441243286779/input intermediate/cluster_tmp/1671305441243286779/clu intermediate/cluster_tmp/1671305441243286779/clu_rep --db-load-mode 0 --compressed 0 --threads 64 -v 3 

[=================================================================] 4.23K 0s 5ms
Time for merging to clu_rep: 0h 0m 0s 230ms
Time for processing: 0h 0m 0s 467ms
result2flat intermediate/cluster_tmp/1671305441243286779/input intermediate/cluster_tmp/1671305441243286779/input intermediate/cluster_tmp/1671305441243286779/clu_rep intermediate/cluster_tmp/1671305441243286779/rep_seq.fasta --use-fasta-header -v 3 

Time for processing: 0h 0m 0s 19ms
createseqfiledb intermediate/cluster_tmp/1671305441243286779/input intermediate/cluster_tmp/1671305441243286779/clu intermediate/cluster_tmp/1671305441243286779/clu_seqs --threads 64 -v 3 

[=================================================================] 4.23K 0s 19ms
Time for merging to clu_seqs: 0h 0m 0s 154ms
Time for processing: 0h 0m 0s 432ms
result2flat intermediate/cluster_tmp/1671305441243286779/input intermediate/cluster_tmp/1671305441243286779/input intermediate/cluster_tmp/1671305441243286779/clu_seqs intermediate/cluster_tmp/1671305441243286779/all_seqs.fasta -v 3 

Time for processing: 0h 0m 0s 71ms
rmdb intermediate/cluster_tmp/1671305441243286779/input -v 3 

Time for processing: 0h 0m 0s 13ms
rmdb intermediate/cluster_tmp/1671305441243286779/input_h -v 3 

Time for processing: 0h 0m 0s 4ms
rmdb intermediate/cluster_tmp/1671305441243286779/clu_seqs -v 3 

Time for processing: 0h 0m 0s 54ms
rmdb intermediate/cluster_tmp/1671305441243286779/clu_rep -v 3 

Time for processing: 0h 0m 0s 5ms
rmdb intermediate/cluster_tmp/1671305441243286779/clu -v 3 

Time for processing: 0h 0m 0s 55ms
clustering complete!
